--- Logging error ---
Traceback (most recent call last):
  File "C:\Users\mana4\AppData\Local\Programs\Python\Python310\lib\logging\__init__.py", line 1103, in emit
    stream.write(msg + self.terminator)
UnicodeEncodeError: 'cp932' codec can't encode character '\u2705' in position 51: illegal multibyte sequence
Call stack:
  File "C:\Users\mana4\Desktop\manaos_integrations\test_organize_debug.py", line 96, in <module>
    main()
  File "C:\Users\mana4\Desktop\manaos_integrations\test_organize_debug.py", line 24, in main
    db = FileSecretaryDB('file_secretary.db')
  File "C:\Users\mana4\Desktop\manaos_integrations\file_secretary_db.py", line 32, in __init__
    self._init_db()
  File "C:\Users\mana4\Desktop\manaos_integrations\file_secretary_db.py", line 88, in _init_db
    logger.info(f"\u2705 データベース初期化完了: {self.db_path}")
Message: '\u2705 データベース初期化完了: file_secretary.db'
Arguments: ()
--- Logging error ---
Traceback (most recent call last):
  File "C:\Users\mana4\Desktop\manaos_integrations\file_secretary_db.py", line 221, in update_file_record
    cursor.execute("""
sqlite3.DatabaseError: database disk image is malformed

During handling of the above exception, another exception occurred:

Traceback (most recent call last):
  File "C:\Users\mana4\AppData\Local\Programs\Python\Python310\lib\logging\__init__.py", line 1103, in emit
    stream.write(msg + self.terminator)
UnicodeEncodeError: 'cp932' codec can't encode character '\u274c' in position 51: illegal multibyte sequence
Call stack:
  File "C:\Users\mana4\Desktop\manaos_integrations\test_organize_debug.py", line 96, in <module>
    main()
  File "C:\Users\mana4\Desktop\manaos_integrations\test_organize_debug.py", line 58, in main
    result = organizer.organize_files(
  File "C:\Users\mana4\Desktop\manaos_integrations\file_secretary_organizer.py", line 197, in organize_files
    if self.db.update_file_record(file_record):
  File "C:\Users\mana4\Desktop\manaos_integrations\file_secretary_db.py", line 237, in update_file_record
    logger.error(f"\u274c ファイルレコード更新エラー: {e}")
Message: '\u274c ファイルレコード更新エラー: database disk image is malformed'
Arguments: ()
--- Logging error ---
Traceback (most recent call last):
  File "C:\Users\mana4\AppData\Local\Programs\Python\Python310\lib\logging\__init__.py", line 1103, in emit
    stream.write(msg + self.terminator)
UnicodeEncodeError: 'cp932' codec can't encode character '\u274c' in position 58: illegal multibyte sequence
Call stack:
  File "C:\Users\mana4\Desktop\manaos_integrations\test_organize_debug.py", line 96, in <module>
    main()
  File "C:\Users\mana4\Desktop\manaos_integrations\test_organize_debug.py", line 58, in main
    result = organizer.organize_files(
  File "C:\Users\mana4\Desktop\manaos_integrations\file_secretary_organizer.py", line 207, in organize_files
    logger.error(f"\u274c ファイル整理失敗: {file_record.original_name}")
Message: '\u274c ファイル整理失敗: test_organize.txt'
Arguments: ()
--- Logging error ---
Traceback (most recent call last):
  File "C:\Users\mana4\AppData\Local\Programs\Python\Python310\lib\logging\__init__.py", line 1103, in emit
    stream.write(msg + self.terminator)
UnicodeEncodeError: 'cp932' codec can't encode character '\u2705' in position 51: illegal multibyte sequence
Call stack:
  File "C:\Users\mana4\Desktop\manaos_integrations\test_organize_debug.py", line 96, in <module>
    main()
  File "C:\Users\mana4\Desktop\manaos_integrations\test_organize_debug.py", line 93, in main
    db.close()
  File "C:\Users\mana4\Desktop\manaos_integrations\file_secretary_db.py", line 425, in close
    logger.info("\u2705 データベース接続を閉じました")
Message: '\u2705 データベース接続を閉じました'
Arguments: ()
=== File Secretary 整理機能デバッグ ===

整理対象ファイル数: 1

対象ファイル:
  ID: 0e804e442ec83b420a5b110bef4fd6417eb340779b1385bdb952c8f97ef90535
  名前: test_organize.txt
  ステータス: triaged
  タグ: []
  alias: None

タグ推定テスト:
  推定タグ: []

alias生成テスト:
  生成alias: 2026-01-03_その他_test_organize.txt

整理実行...

結果:
  ステータス: success
  整理済み数: 0
  エラー: なし

データベース確認:
  ステータス: triaged
  タグ: []
  alias: None
